Installed release candidate: C:\apps\ctboost\.tmp\release-readiness-20260908\release-env\Lib\site-packages\ctboost\__init__.py 0.1.61
..............s......................................................... [  3%]
................................sss.............................ssssssss [  7%]
........................................................................ [ 11%]
..............................sss....................................... [ 14%]
........................................................................ [ 18%]
........................................................................ [ 22%]
........................................................................ [ 25%]
........................................................................ [ 29%]
.................s....s................................................. [ 33%]
.............................................ss......................... [ 36%]
..........sss.....................................s..................... [ 40%]
........................................................................ [ 44%]
........................................................................ [ 48%]
................................sss...........................ss........ [ 51%]
........................................................................ [ 55%]
........................................................................ [ 59%]
........................................................................ [ 62%]
................................................................s....... [ 66%]
........................................................................ [ 70%]
.....................................sss................................ [ 73%]
........................................................................ [ 77%]
..................................s..................................... [ 81%]
........................................................................ [ 85%]
.........................................................sss............ [ 88%]
........................................................................ [ 92%]
......................................................................s. [ 96%]
.s...................................................................... [ 99%]
..                                                                       [100%]
============================== warnings summary ===============================
.tmp/release-readiness-20260908/installed-tests/tests/test_multioutput_aft.py: 11 warnings
  C:\apps\ctboost\.tmp\release-readiness-20260908\release-env\Lib\site-packages\sklearn\utils\_tags.py:354: DeprecationWarning: The CTBoostMultiOutputRegressor or classes from which it inherits use `_get_tags` and `_more_tags`. Please define the `__sklearn_tags__` method, or inherit from `sklearn.base.BaseEstimator` and/or other appropriate mixins such as `sklearn.base.TransformerMixin`, `sklearn.base.ClassifierMixin`, `sklearn.base.RegressorMixin`, and `sklearn.base.OutlierMixin`. From scikit-learn 1.7, not defining `__sklearn_tags__` will raise an error.
    warnings.warn(

.tmp/release-readiness-20260908/installed-tests/tests/test_multioutput_aft.py::test_multilabel_classifier_probabilities_persistence_and_exports
.tmp/release-readiness-20260908/installed-tests/tests/test_multioutput_aft.py::test_multilabel_classifier_probabilities_persistence_and_exports
.tmp/release-readiness-20260908/installed-tests/tests/test_multioutput_aft.py::test_multilabel_classifier_probabilities_persistence_and_exports
.tmp/release-readiness-20260908/installed-tests/tests/test_multioutput_aft.py::test_multilabel_classifier_probabilities_persistence_and_exports
.tmp/release-readiness-20260908/installed-tests/tests/test_multioutput_aft.py::test_multilabel_classifier_probabilities_persistence_and_exports
.tmp/release-readiness-20260908/installed-tests/tests/test_multioutput_aft.py::test_multilabel_classifier_probabilities_persistence_and_exports
.tmp/release-readiness-20260908/installed-tests/tests/test_multioutput_aft.py::test_multilabel_classifier_probabilities_persistence_and_exports
.tmp/release-readiness-20260908/installed-tests/tests/test_multioutput_aft.py::test_multilabel_classifier_probabilities_persistence_and_exports
  C:\apps\ctboost\.tmp\release-readiness-20260908\release-env\Lib\site-packages\sklearn\utils\_tags.py:354: DeprecationWarning: The CTBoostMultiLabelClassifier or classes from which it inherits use `_get_tags` and `_more_tags`. Please define the `__sklearn_tags__` method, or inherit from `sklearn.base.BaseEstimator` and/or other appropriate mixins such as `sklearn.base.TransformerMixin`, `sklearn.base.ClassifierMixin`, `sklearn.base.RegressorMixin`, and `sklearn.base.OutlierMixin`. From scikit-learn 1.7, not defining `__sklearn_tags__` will raise an error.
    warnings.warn(

.tmp/release-readiness-20260908/installed-tests/tests/test_multioutput_aft.py: 17 warnings
  C:\apps\ctboost\.tmp\release-readiness-20260908\release-env\Lib\site-packages\sklearn\utils\_tags.py:354: DeprecationWarning: The CTBoostAFTSurvivalRegressor or classes from which it inherits use `_get_tags` and `_more_tags`. Please define the `__sklearn_tags__` method, or inherit from `sklearn.base.BaseEstimator` and/or other appropriate mixins such as `sklearn.base.TransformerMixin`, `sklearn.base.ClassifierMixin`, `sklearn.base.RegressorMixin`, and `sklearn.base.OutlierMixin`. From scikit-learn 1.7, not defining `__sklearn_tags__` will raise an error.
    warnings.warn(

-- Docs: https://docs.pytest.org/en/stable/how-to/capture-warnings.html
=========================== short test summary info ===========================
SKIPPED [1] tests\test_booster_constraints.py:238: CUDA support is not compiled into this build
SKIPPED [2] tests\test_cuda_driver_loader.py:18: CUDA source contract requires a repository checkout
SKIPPED [1] tests\test_cuda_multi_device_workspace.py:173: CUDA support is not compiled into this build
SKIPPED [8] tests\test_cuda_quantized_pool.py:346: CUDA support is not compiled into this build
SKIPPED [1] tests\test_export.py:289: could not import 'onnx': No module named 'onnx'
SKIPPED [1] tests\test_export.py:319: could not import 'onnx': No module named 'onnx'
SKIPPED [1] tests\test_export.py:341: could not import 'onnx': No module named 'onnx'
SKIPPED [1] tests\test_framework_integrations.py:133: could not import 'dask.dataframe': No module named 'dask'
SKIPPED [1] tests\test_framework_integrations.py:280: could not import 'pyspark': No module named 'pyspark'
SKIPPED [1] tests\test_grouped_feature_test.py:752: CUDA support is not compiled into this build
SKIPPED [1] tests\test_grouped_feature_test.py:800: CUDA support is not compiled into this build
SKIPPED [3] tests\test_hpo_full_0160.py:377: Optional pinned TabArena environment
SKIPPED [1] tests\test_leaf_estimation.py:440: CUDA support is not compiled into this build
SKIPPED [3] tests\test_multivariate_statistics.py:271: requires a CUDA-enabled build
SKIPPED [1] tests\test_object_influence_and_plots.py:143: could not import 'matplotlib': No module named 'matplotlib'
SKIPPED [1] tests\test_object_influence_and_plots.py:166: could not import 'matplotlib': No module named 'matplotlib'
SKIPPED [1] tests\test_tabarena_grouped_scout.py:590: real pinned TabArena API is only present in the scout environment
SKIPPED [3] tests\test_tabarena_hpo_0160.py:427: Optional pinned TabArena benchmark environment
SKIPPED [1] tests\test_tabarena_kaggle_hpo.py:194: could not import 'tabarena': No module named 'tabarena'
SKIPPED [3] tests\test_tabarena_local_hpo.py:688: Optional pinned TabArena benchmark environment
SKIPPED [1] tests\test_vector_exports.py:204: could not import 'matplotlib': No module named 'matplotlib'
SKIPPED [1] tests\test_vector_exports.py:283: could not import 'onnx': No module named 'onnx'
1908 passed, 38 skipped, 36 warnings in 255.58s (0:04:15)
